// Jest Snapshot v1, https://goo.gl/fbAQLP

exports[`DocsProvider should work properly 1`] = `<div />`;
